Open Watcom Linker Version 1.9
Portions Copyright (c) 1985-2002 Sybase, Inc. All Rights Reserved.
Created on:       24/03/12 19:36:29
Executable Image: main.exe
creating a DOS executable


                        +------------+
                        |   Groups   |
                        +------------+

Group                           Address              Size
=====                           =======              ====

DGROUP                          2480:0000            00003a70



                        +--------------+
                        |   Segments   |
                        +--------------+

Segment                Class          Group          Address         Size
=======                =====          =====          =======         ====

main_TEXT              CODE           AUTO           0000:0000       0000ede8
_TEXT                  CODE           AUTO           0edf:0000       00005b90
vpu_main_TEXT          CODE           AUTO           1498:0000       0000cbc4
serwrite_TEXT          CODE           AUTO           1498:cbc4       000000c9
serrecv_TEXT           CODE           AUTO           1498:cc8d       00000227
drivers_TEXT           CODE           AUTO           1498:ceb4       000004e9
drvinst_TEXT           CODE           AUTO           1498:d39d       00000285
vpuhwint_TEXT          CODE           AUTO           1498:d622       000001f8
vpudint_TEXT           CODE           AUTO           1498:d81a       00000000
xpmparse_TEXT          CODE           AUTO           1498:d81a       000006b0
strings_TEXT           CODE           AUTO           1498:deca       00000000
timerrtn_TEXT          CODE           AUTO           1498:deca       00000000
86serpar_TEXT          CODE           AUTO           1498:deca       000004a4
ibmpc_TEXT             CODE           AUTO           1498:e36e       0000199e
int28hdl_TEXT          CODE           AUTO           1498:fd0c       00000165
idlehdl_TEXT           CODE           AUTO           1498:fe72       00000000
FAR_DATA               FAR_DATA       AUTO           247f:0002       00000000
_NULL                  BEGDATA        DGROUP         2480:0000       00000020
_AFTERNULL             BEGDATA        DGROUP         2482:0000       00000002
CONST                  DATA           DGROUP         2482:0002       0000178d
CONST2                 DATA           DGROUP         25fb:0000       00000104
_DATA                  DATA           DGROUP         260b:0004       00000bc8
XIB                    DATA           DGROUP         26c7:000c       00000000
XI                     DATA           DGROUP         26c7:000c       0000002a
XIE                    DATA           DGROUP         26ca:0006       00000000
YIB                    DATA           DGROUP         26ca:0006       00000000
YI                     DATA           DGROUP         26ca:0006       00000018
YIE                    DATA           DGROUP         26cb:000e       00000000
STRINGS                DATA           DGROUP         26cb:000e       00000000
DATA                   DATA           DGROUP         26cb:000e       00000000
_BSS                   BSS            DGROUP         26cb:000e       000005ae
STACK                  STACK          DGROUP         2727:0000       00001000


                        +----------------+
                        |   Memory Map   |
                        +----------------+

* = unreferenced symbol
+ = symbol only referenced locally

Address        Symbol
=======        ======

Module: main.obj(D:\LEETSRC\490\main.c)
2480:24be+     _mouse_background
2480:251e+     _clipboard
2480:2526+     _wallpaper_struct
2480:252e      _cursor_row
2480:2532      _cursor_col
2480:2536+     _menu_window
2480:253a      _ttys
2480:253e+     _errorlog
2480:2542+     _comspec
2480:2546      _old_fill_screen
2480:254a      _mouse
2480:254e      _old_get_pixel
2480:2552      _old_put_pixel
2480:2556      _old_draw_rectangle
2480:255a+     _desktop_shortcuts
2480:255e+     _path
2480:2562+     _default_icons
2480:2566      _VGA
2480:256a+     _window_visibility_order
2480:256e+     _desktop_icons
2480:2572+     _desktop_menu
2480:2576+     _system_font
2480:257a+     _caret_screeny
2480:257c+     _caret_screenx
2480:18b4+     __TITLE_COLOR
2480:18b5+     __TITLE_COLOR_IA
2480:18b6+     __TITLE_TEXTCOLOR
2480:18b7+     __WINDOW_BGCOLOR
2480:18b8+     __MENU_BGCOLOR
2480:18b9+     __MENU_SELCOLOR
2480:18ba+     __MENU_LINECOLOR
2480:18bb+     __MENU_ATEXTCOLOR
2480:18bc+     __WINDOW_BASICTEXTCOLOR
2480:18bd      __BORDERCOLOR_LIGHT
2480:18be      __BORDERCOLOR_SHADOW
2480:18bf      __DESKTOP_BGCOLOR
2480:18c0+     __ICON_ACOLOR
2480:18c1+     __ICON_ICOLOR
2480:18c2+     __TEXTBOX_BGCOLOR
2480:18c3+     __TEXTBOX_ABGCOLOR
2480:18c4+     __TEXTBOX_TEXTCOLOR
2480:18c5+     __TEXTBOX_ATEXTCOLOR
2480:18c6+     __SCROLLBAR_BGCOLOR
2480:18c7+     __ATEXT_BGCOLOR
2480:18c8+     _monospace_font
2480:18cc      _video
2480:18cd*     _mouse_dragboxes
2480:18d1+     _titlebar_drag
2480:18d5      _windows
2480:18d9      _window_count
2480:18db+     _desktop_icon_count
2480:18dd+     _icon_selected
2480:18df      _active_window
2480:18e1      _running_window
2480:18e5      _running_console
2480:18e9+     _system_font_file
2480:18f7+     _monospace_font_file
2480:1908      _VPUCON_LINES
2480:1909+     _window_x
2480:190b+     _window_y
2480:190d+     _comsuf
2480:1912+     _exesuf
2480:1917+     _batsuf
2480:191c+     _appsuf
2480:1921+     _lnksuf
2480:1926+     _shortcut_count
2480:1928+     _screensaver_delay
2480:192a      _screen_redraw
2480:192b      _videodriver
2480:192d+     _null_byte
2480:192e      _update_screen
2480:1937      _tty
2480:1938      _new_tty
2480:1939+     _caret_visible
2480:1a4e      _draw_window_box
2480:1a52+     _menu_selected
2480:1a80      _mouse_cursor
2480:1a84      _normal_cursor
2480:1a88      _busy_cursor
2480:1a90+     _upleft_move
2480:1a9c+     _upleft_close
2480:1aa9+     _upleft_maximize
2480:1ab6+     _upleft_resize
2480:1abd+     _upleft_minimize
2480:1ac6+     _dialog_ok
2480:1ac9+     _dialog_cancel
2480:1ad0+     _dialog_yes
2480:1ad4+     _dialog_no
2480:1ad7+     _dialog_help
2480:1ae2+     _edit_text_ptr
2480:1ae6+     _errortitle
2480:1aec      _outofmemory
2480:1afb+     _outofmemoryprompt
2480:1b4c+     _outofmemoryprompt2
2480:1b74+     _outofmemoryprompt3
2480:1b97+     _weekdays
0000:028b      dosexec_
0000:033c+     make_sound_
0000:0392      windowpos_visible_
0000:04ee+     load_system_font_
0000:0572+     string_width_
0000:06b0+     draw_char_
0000:0bf3      gprint_text_
0000:0ced+     cprint_text_
0000:0dc4+     new_menu_
0000:0e65+     new_menuitem_
0000:27a3      draw_screen_
0000:280e      set_active_window_
0000:2a7b+     get_mouse_movement_
0000:2c41      hide_mouse_cursor_
0000:2ce2      redraw_mouse_cursor_
0000:5045      window_drawelement_
0000:5123      draw_window_
0000:55d7      window_grid_delelement_
0000:57bf      del_window_
0000:5a11+     new_window_
0000:5dfa      window_recalc_hitboxes_
0000:60ea      window_scrollbar_
0000:61c8      window_icon_
0000:62eb      window_list_
0000:6400+     window_list_selectrow_
0000:65a7      window_ml_textbox_
0000:6649      window_textbox_
0000:678c      window_button_
0000:687a      window_checkbox_
0000:695f      window_radiobutton_select_
0000:6a4c      window_radiobutton_
0000:6b60      window_text_
0000:6c24      window_image_
0000:6cd5      dialog_
0000:7794      nomemory_
0000:7916+     show_error_code_
0000:7976+     show_error_msg_
0000:799a      show_error_console_
0000:7ae2      log_error_
0000:86f1      find_executable_
0000:8821      chdrive_
0000:8882      split_args_
0000:8a33      run_program_
0000:8cc2*     set_cursor_position_
0000:96b6      dostime_
0000:96f8      dosdate_
0000:9736+     human_date_
0000:978f      shortdelay_
0000:c805      vpucon_caret_
0000:c94c      clear_row_
0000:ca60      clear_console_
0000:cf30      inc_row_
0000:cf3f      move_
0000:d453      flush_stdout_
0000:d4e1      print_text_
0000:d4f2      putstr_
0000:d515      refresh_
0000:d529*     scroll_up_
0000:d538      vpuconsole_getch_
0000:d57e      vpu_has_active_window_
0000:d5d6      vpu_cwd_
0000:d693      con_move_back_
0000:d884      vpuconsole_program_
0000:e093      init_vpuprog_window_
0000:e123      mtask_win_
0000:ec29      main_
2480:1bc0+     _update_list
2480:1bd3+     _vpuconsole_window_title
2480:257e      _next_tty
2480:2580      _next_window
2480:2582      _old_yres
2480:2584+     _screensaver_timer
2480:2586+     _cwdrive
2480:2588      _old_xres
2480:258a      __RES_Y
2480:258c      __RES_X
2480:258e+     _filename_clipboard
2480:25ed+     _wallpaper
2480:25fa      _cwd
2480:264b+     _screensaver_program
2480:2658      __FONT_HEIGHT
Module: vpu_main.obj(D:\LEETSRC\490\vpu\console\vpu_main.c)
2480:1be0+     _debugfp
2480:1be4      _debug
2480:1be5+     _console
2480:1be7      _symbol_count
2480:1be9*     _data_auto_len
2480:1bea*     _code_auto_len
2480:1beb      _datap_segment
2480:1bed      _datap_offset
2480:1bef+     _codep_offset
2480:1bf1+     _codep_segment
2480:1bf3      _line_num
2480:1bf5      _pass
2480:1bf6*     _data_count
2480:1bf8+     _data_types
2480:1c04+     _syntaxerror
2480:1c1a      _DEFAULT_PRIVS
2480:1c1c+     _stackoverflowerror
2480:1c2c+     _stackunderflowerror
2480:1c3d+     _segfaulterror
2480:1c55      _vpu_count
2480:1c57+     _pid_counter
2480:1c59+     _INSTR
2480:1d31+     _VINSTR
2480:1d3f+     _SBYTE_INSTR
2480:1d4b+     _SWORD_INSTR
2480:1d54+     _DBYTE_INSTR
2480:1d64+     _OPERIMM_INSTR
2480:1d71+     _DWORD_INSTR
2480:1d74+     _TWORD_INSTR
2480:1d76+     _WREG_INSTR
2480:1d7b+     _BYTEINT_INSTR
2480:1d7e+     _JUMP_INSTR
2480:1d8a+     _siregs
2480:1d9a*     _regs
2480:1dba*     _header_keywords
2480:1e2a+     _nowindowerror
2480:1e41+     _vpu_instr_scrcall
2480:1eca      _vpu_hardware_int_table
2480:1ece      _vpu_hwint_count
2480:1ed0+     _kernel_parm
2480:1edc+     _global_open_files
2480:1ede+     _modfs
2480:1ee4+     _stdin_endchars
2480:1ee7+     _timezone
2480:1ef2+     _vpu_instr_syscall
2480:1fba+     _instruction_func_ptr
2480:208e+     _error_while_opening
1498:2412      unixtime_
1498:60e1      send_vpu_signal_
1498:6553      reset_vpu_interrupt_handlers_
1498:658c      set_vpu_interrupt_handlers_
1498:6d0e      append_path_
1498:6d9b      vpu_sched_yield_
1498:a57e      all_proc_blocking_
1498:a9f5      vpu_run_
1498:b6c2      vpu_run_program_
1498:bef7      commandline_
1498:c1b8      code_editor_
1498:c8c2      new_console_
1498:cb01      delete_console_
2480:17b0+     _instruction_count
2480:20ab+     _response_ready
2480:2788+     _history
2480:278c+     _asm_content
2480:2790      _vpus
2480:2794      _data
2480:2798      _symbols
2480:279c      _message
2480:2800+     _smessage
2480:2804*     _hexstr
2480:280a      _starttime_high
2480:280c      _starttime_low
2480:280e+     _data_allocated
2480:2810      _SCR_ROWS
Module: serwrite.obj(D:\LEETSRC\490\vpu\serwrite.c)
1498:cc2a      serial_write_
Module: serrecv.obj(D:\LEETSRC\490\vpu\serrecv.c)
1498:cd62      serial_int_handler_
Module: drivers.obj(D:\LEETSRC\490\drvmod\drivers.c)
1498:ceb4      driver_id_
1498:cf0e      dev_cmd_
1498:cf8d      dev_read_
1498:d007      dev_write_
1498:d045      dev_open_
1498:d0bf      dev_close_
1498:d128*     dev_lseek_
1498:d16c      dev_fsync_
1498:d1a4      dev_geterror_
1498:d1df+     unload_driver_
1498:d212      unload_drivers_
1498:d228      unload_module_
1498:d2c4      load_driver_
2480:212a      _driver_count
2480:2896      _drivers
2480:289a+     _driver_func_ptr
Module: drvinst.obj(D:\LEETSRC\490\drvmod\drvinst.c)
1498:d4c6      driver_installer_
Module: vpuhwint.obj(D:\LEETSRC\490\vpu\vpuhwint.c)
1498:d622      set_vpu_turn_
1498:d7ae      int_to_vpu_
Module: vpudint.obj(D:\LEETSRC\490\vpu\vpudint.asm)
0000:edc8      dummy_interrupt_mask_handler_
0000:edd8      dummy_interrupt_mask_handler_end_
0000:edd8      dummy_interrupt_mask_handler_cont_
0000:0000      dummy_interrupt_mask_handler_cont_end_
Module: xpmparse.obj(D:\LEETSRC\490\xpmparse\xpmparse.c)
1498:dca7      load_xpm_bitmap_
1498:ddc2      draw_xpm_bitmap_
Module: timerrtn.obj(D:\LEETSRC\490\timerrtn.asm)
0edf:0002      timer_rtn_
0edf:0008      _old_timer_rtn
0edf:0000      _clock_ticks
Module: 86serpar.obj(D:\LEETSRC\490\vpu\86serpar.c)
1498:df87      serial_read_
1498:e02a      serial_init_
1498:e1c7      close_serialport_
1498:e271      parallel_init_
1498:e2d4      parallel_write_
2480:213e      _serialbase
2480:2142      _serport_buffer
2480:2152+     _prev_int_b
2480:2156+     _prev_int_c
2480:215a+     _baud_divisors
2480:2174+     _parallelbase
2480:289e+     _old_int_mask
Module: ibmpc.obj(D:\LEETSRC\490\ibmpc.c)
1498:e36e      reset_int24_
1498:e486      set_int24_
1498:e4ab      hide_mouse_if_in_box_
1498:e4f3      fill_screen_
1498:e506      scrmemcpy_
1498:e529+     put_pixel_13h_
1498:e555+     put_pixel_cga_
1498:e5a0+     put_pixel_ega2_
1498:e5de+     put_pixel_ega4_
1498:e64c      put_pixel_raw_
1498:e668*     get_pixel_raw_
1498:e678      put_pixel_
1498:e6f6      put_pixel_shadow_
1498:e71c+     get_pixel_ega4_
1498:e792+     get_pixel_cga_
1498:e7e0+     get_pixel_13h_
1498:e803+     get_pixel_ega2_
1498:e841      get_pixel_
1498:e862      draw_move_borders_
1498:eacc*     clear_screen_
1498:ebe9+     draw_rectangle_cga_
1498:ecf1+     draw_rectangle_ega2_
1498:ee39+     draw_rectangle_ega4_
1498:ef96      draw_rectangle_px_
1498:f19a      draw_rectangle_
1498:f32e+     fill_screen_ega4_
1498:f375+     fill_screen_ega2_
1498:f3af+     fill_screen_cga_
1498:f3d1+     fill_screen_px_
1498:f3ff      draw_line_
1498:f4fa      video_mode_
1498:f697      restore_videomode_
1498:f742      draw_borders_
1498:f814      draw_circle_
1498:f909      draw_circle_border_
1498:fa6a      draw_filled_circle_
1498:fcc6      set_keyboard_handler_
1498:fcfa      reset_keyboard_handler_
2480:2178+     _error1
2480:2184+     _error2
2480:218c+     _error3
2480:219c+     _dierror
2480:21d4      _ega4_lastoperation
2480:21da      _driver_videomode
2480:28a0+     _old_kbd_handler
2480:28a4      _get_pixel_screen
2480:28a8      _put_pixel_screen
2480:28ac      _fill_screen_color
2480:28b0      _draw_rectangle_screen
2480:28b4      _video_memcpy
2480:28b8+     _errormsg
2480:291c+     _prev_int_24
2480:2920      _keyboard_status
2480:2922      __VIDEO_MODE
Module: int28hdl.obj(D:\LEETSRC\490\int28hdl\int28hdl.c)
1498:fd0c      int28h_hdl_
1498:fddc      set_dosidle_handler_
1498:fdfd      save_dosidle_handler_
1498:fe48      reset_dosidle_handler_
Module: idlehdl.obj(D:\LEETSRC\490\int28hdl\idlehdl.asm)
0edf:001e      dosidle_handler_
0edf:000c      _diskio_in_progress
0edf:005b      int21wrp_
0edf:00a1      _old_int21hdl
0edf:0057      _old_dosidle_handler
0edf:0018      save_stack_seg_
Module: C:\WATCOM/lib286/dos\clibl.lib(fopen.c)
0edf:00cf+     __open_flags_
0edf:02cf+     _fsopen_
0edf:0336      fopen_
0edf:0411*     freopen_
Module: C:\WATCOM/lib286/dos\clibl.lib(atoi.c)
0edf:0487      atoi_
Module: C:\WATCOM/lib286/dos\clibl.lib(fgetc.c)
0edf:04ef      __fill_buffer_
0edf:05e4      fgetc_
Module: C:\WATCOM/lib286/dos\clibl.lib(fclose.c)
0edf:0689      __doclose_
0edf:073a      __shutdown_stream_
0edf:0754      fclose_
2480:292c+     ___RmTmpFileFn
Module: C:\WATCOM/lib286/dos\clibl.lib(sprintf.c)
0edf:079f      sprintf_
Module: C:\WATCOM/lib286/dos\clibl.lib(fmalloc.c)
0edf:07ce      _fmalloc_
0edf:07ce      malloc_
2480:21e2      ___fheap
2480:21e4      ___fheapRover
2480:21e6      ___LargestSizeB4Rover
Module: C:\WATCOM/lib286/dos\clibl.lib(ffree.c)
0edf:08db      _ffree_
0edf:08db      free_
Module: C:\WATCOM/lib286/dos\clibl.lib(fheapmin.c)
0edf:0921*     _fheapshrink_
0edf:0921*     _fheapmin_
0edf:0921*     _heapmin_
0edf:0921      _heapshrink_
Module: C:\WATCOM/lib286/dos\clibl.lib(sound.c)
0edf:0988      sound_
0edf:0a22      nosound_
Module: C:\WATCOM/lib286/dos\clibl.lib(fseek.c)
0edf:0aad      fseek_
Module: C:\WATCOM/lib286/dos\clibl.lib(ftell.c)
0edf:0bfb      ftell_
Module: C:\WATCOM/lib286/dos\clibl.lib(rewind.c)
0edf:0c57      rewind_
Module: C:\WATCOM/lib286/dos\clibl.lib(calloc.c)
0edf:0c74      calloc_
Module: C:\WATCOM/lib286/dos\clibl.lib(fread.c)
0edf:0cb3      fread_
Module: C:\WATCOM/lib286/dos\clibl.lib(kbhit.c)
0edf:0ea6      kbhit_
Module: C:\WATCOM/lib286/dos\clibl.lib(getch.c)
0edf:0ebd      getch_
Module: C:\WATCOM/lib286/dos\clibl.lib(fputc.c)
0edf:0ed7      fputc_
Module: C:\WATCOM/lib286/dos\clibl.lib(finddos.c)
0edf:0fa7      _dos_findfirst_
0edf:0fda      _dos_findnext_
0edf:0fed*     _dos_findclose_
Module: C:\WATCOM/lib286/dos\clibl.lib(frealloc.c)
0edf:0ff0*     _frealloc_
0edf:0ff0      realloc_
Module: C:\WATCOM/lib286/dos\clibl.lib(memmove.c)
0edf:10cc      memmove_
Module: C:\WATCOM/lib286/dos\clibl.lib(d_getvec.c)
0edf:1142      _dos_getvect_
Module: C:\WATCOM/lib286/dos\clibl.lib(i4m)
0edf:114e      __I4M
0edf:114e      __U4M
Module: C:\WATCOM/lib286/dos\clibl.lib(i4d)
0edf:1166      __I4D
0edf:11b5      __U4D
Module: C:\WATCOM/lib286/dos\clibl.lib(d_setvec.c)
0edf:1239      _dos_setvect_
Module: C:\WATCOM/lib286/dos\clibl.lib(puts.c)
0edf:1246      puts_
Module: C:\WATCOM/lib286/dos\clibl.lib(printf.c)
0edf:1276      printf_
Module: C:\WATCOM/lib286/dos\clibl.lib(iob.c)
2480:21e8      ___iob
2480:2350      __fmode
2480:2930      ___OpenStreams
2480:2934      ___ClosedStreams
Module: C:\WATCOM/lib286/dos\clibl.lib(fflush.c)
0edf:12a5      fflush_
Module: C:\WATCOM/lib286/dos\clibl.lib(sleep.c)
0edf:12ba      sleep_
Module: C:\WATCOM/lib286/dos\clibl.lib(dosdrive)
0edf:130c      _dos_getdrive_
0edf:1320      _dos_setdrive_
Module: C:\WATCOM/lib286/dos\clibl.lib(gtcwd.c)
0edf:1336      getcwd_
Module: C:\WATCOM/lib286/dos\clibl.lib(chdir.c)
0edf:13e1      chdir_
Module: C:\WATCOM/lib286/dos\clibl.lib(getenv.c)
0edf:13f7      getenv_
Module: C:\WATCOM/lib286/dos\clibl.lib(intx086.c)
0edf:14bc+     int86x_
0edf:1555      int86_
Module: C:\WATCOM/lib286/dos\clibl.lib(intr.c)
0edf:1582      intr_
Module: C:\WATCOM/lib286/dos\clibl.lib(dosdisk)
0edf:1596      _dos_getdiskfree_
Module: C:\WATCOM/lib286/dos\clibl.lib(gfattdos.c)
0edf:15c4      _dos_getfileattr_
Module: C:\WATCOM/lib286/dos\clibl.lib(mkdir.c)
0edf:15db      mkdir_
Module: C:\WATCOM/lib286/dos\clibl.lib(renam.c)
0edf:15f1      rename_
Module: C:\WATCOM/lib286/dos\clibl.lib(errno.c)
0edf:160d      __get_errno_ptr_
0edf:1614      __get_doserrno_ptr_
2480:2938+     _errno
2480:293a+     __doserrno
Module: C:\WATCOM/lib286/dos\clibl.lib(close.c)
0edf:161b      close_
Module: C:\WATCOM/lib286/dos\clibl.lib(remove.c)
0edf:1620      remove_
Module: C:\WATCOM/lib286/dos\clibl.lib(read.c)
0edf:1625      read_
Module: C:\WATCOM/lib286/dos\clibl.lib(write.c)
0edf:183f      write_
Module: C:\WATCOM/lib286/dos\clibl.lib(open.c)
0edf:1c1d      open_
0edf:1c54      sopen_
Module: C:\WATCOM/lib286/dos\clibl.lib(strncmp.c)
0edf:1c81      strncmp_
Module: C:\WATCOM/lib286/dos\clibl.lib(abort.c)
0edf:1cc0      abort_
0edf:1ce2+     __terminate_
2480:2352+     ___abort
Module: C:\WATCOM/lib286/dos\clibl.lib(getdcwd.c)
0edf:1cf5      _getdcwd_
Module: C:\WATCOM/lib286/dos\clibl.lib(exit.c)
0edf:1d6c+     __null_int23_exit_
0edf:1d6d      exit_
0edf:1d9e*     _exit_
2480:2356+     ___int23_exit
2480:235a+     ___FPE_handler_exit
Module: C:\WATCOM/lib286/dos\clibl.lib(ungetch.c)
0edf:1db7      ungetch_
Module: C:\WATCOM/lib286/dos\clibl.lib(cstart)
2480:0000*     __nullarea
2480:235e*     __ovlflag
2480:235f*     __intno
2480:2360*     __ovlvec
0edf:1dce      _cstart_
0edf:1ea1*     _Not_Enough_Memory_
0edf:1fd5      __exit_
0edf:1ff4      __do_exit_with_msg__
0edf:2052      __GETDS
Module: C:\WATCOM/lib286/dos\clibl.lib(argcv.c)
2480:293c      __argv
2480:2940      ___argv
2480:2944      __argc
2480:2946      ___argc
Module: C:\WATCOM/lib286/dos\clibl.lib(fprintf.c)
0edf:205c      fprintf_
Module: C:\WATCOM/lib286/dos\clibl.lib(strtol.c)
0edf:22d3      strtoul_
0edf:22e5      strtol_
Module: C:\WATCOM/lib286/dos\clibl.lib(fcalloc.c)
0edf:22ee      _fcalloc_
Module: C:\WATCOM/lib286/dos\clibl.lib(strncpy.c)
0edf:2335      strncpy_
Module: C:\WATCOM/lib286/dos\clibl.lib(environ.c)
2480:2948      ___env_mask
2480:294c      _environ
2480:2950*     __wenviron
Module: C:\WATCOM/lib286/dos\clibl.lib(strncat.c)
0edf:2371      strncat_
Module: C:\WATCOM/lib286/dos\clibl.lib(fsync.c)
0edf:23b0      fsync_
Module: C:\WATCOM/lib286/dos\clibl.lib(lseek.c)
0edf:23b5      lseek_
Module: C:\WATCOM/lib286/dos\clibl.lib(rmdir.c)
0edf:23e6      rmdir_
Module: C:\WATCOM/lib286/dos\clibl.lib(fputs.c)
0edf:23fc      fputs_
Module: C:\WATCOM/lib286/dos\clibl.lib(fgets.c)
0edf:249c      fgets_
Module: C:\WATCOM/lib286/dos\clibl.lib(delay.c)
0edf:252b      delay_
Module: C:\WATCOM/lib286/dos\clibl.lib(chainint)
0edf:268a      _chain_intr_
Module: C:\WATCOM/lib286/dos\clibl.lib(comtflag.c)
2480:23f0      __commode
Module: C:\WATCOM/lib286/dos\clibl.lib(seterrno.c)
0edf:26aa      __set_errno_
0edf:26be*     __set_EDOM_
0edf:26d0*     __set_ERANGE_
0edf:26e2      __set_EINVAL_
0edf:26f7      __set_doserrno_
Module: C:\WATCOM/lib286/dos\clibl.lib(tolower.c)
0edf:2703      tolower_
Module: C:\WATCOM/lib286/dos\clibl.lib(chktty.c)
0edf:2711      __chktty_
Module: C:\WATCOM/lib286/dos\clibl.lib(freefp.c)
0edf:273c      __freefp_
0edf:27b7      __purgefp_
Module: C:\WATCOM/lib286/dos\clibl.lib(allocfp.c)
0edf:27f8      __allocfp_
Module: C:\WATCOM/lib286/dos\clibl.lib(istable.c)
2480:17b2      __IsTable
Module: C:\WATCOM/lib286/dos\clibl.lib(flushall.c)
0edf:291a      __flushall_
0edf:2977      flushall_
Module: C:\WATCOM/lib286/dos\clibl.lib(gtche.c)
0edf:297c      getche_
Module: C:\WATCOM/lib286/dos\clibl.lib(ioalloc.c)
0edf:2996      __ioalloc_
Module: C:\WATCOM/lib286/dos\clibl.lib(qread.c)
0edf:2a30      __qread_
Module: C:\WATCOM/lib286/dos\clibl.lib(__lseek.c)
0edf:2a50      __lseek_
Module: C:\WATCOM/lib286/dos\clibl.lib(_clse.c)
0edf:2a8a      __close_
Module: C:\WATCOM/lib286/dos\clibl.lib(flush.c)
0edf:2abd      __flush_
Module: C:\WATCOM/lib286/dos\clibl.lib(vsprintf.c)
0edf:2c09      vsprintf_
Module: C:\WATCOM/lib286/dos\clibl.lib(hpgrw086.c)
0edf:2c34      __CMain_nheapgrow_
Module: C:\WATCOM/lib286/dos\clibl.lib(mem.c)
0edf:2c40      __MemAllocator
0edf:2d0a      __MemFree
Module: C:\WATCOM/lib286/dos\clibl.lib(growseg.c)
0edf:2e67      __GrowSeg_
Module: C:\WATCOM/lib286/dos\clibl.lib(allocseg.c)
0edf:2f59      __AllocSeg_
Module: C:\WATCOM/lib286/dos\clibl.lib(fmemneed.c)
0edf:2ff0      __fmemneed_
Module: C:\WATCOM/lib286/dos\clibl.lib(nmalloc.c)
0edf:2ff3      _nmalloc_
2480:23f2      ___nheapbeg
2480:23f4      ___MiniHeapRover
2480:23f6      ___LargestSizeB4MiniHeapRover
Module: C:\WATCOM/lib286/dos\clibl.lib(nfree.c)
0edf:30cd      _nfree_
2480:2954+     ___MiniHeapFreeRover
Module: C:\WATCOM/lib286/dos\clibl.lib(heapmin.c)
0edf:31c8      __HeapMin_
Module: C:\WATCOM/lib286/dos\clibl.lib(freeseg.c)
0edf:3280      __FreeSeg_
Module: C:\WATCOM/lib286/dos\clibl.lib(nonibm.c)
0edf:3298+     __is_nonIBM_
2480:23f8      ___NonIBM
Module: C:\WATCOM/lib286/dos\clibl.lib(tell.c)
0edf:32df      tell_
Module: C:\WATCOM/lib286/dos\clibl.lib(crwdata)
2480:23fa      __curbrk
2480:2402      __STACKLOW
2480:2404      __STACKTOP
2480:2406      __cbyte
2480:2408      __child
2480:240a      __no87
2480:2418      ___FPE_handler
2480:23fc      __psp
2480:240c      __get_ovl_stack
2480:2410      __restore_ovl_stack
2480:2414      __close_ovl_file
2480:241c      __LpCmdLine
2480:2420      __LpPgmName
2480:23fe      __osmajor
2480:23ff      __osminor
2480:2400      __osmode
2480:2401      __HShift
Module: C:\WATCOM/lib286/dos\clibl.lib(doserror)
0edf:32f0      __doserror_
Module: C:\WATCOM/lib286/dos\clibl.lib(fmsize.c)
0edf:32fe*     _msize_
0edf:32fe      _fmsize_
Module: C:\WATCOM/lib286/dos\clibl.lib(nexpand.c)
0edf:330f      __HeapManager_expand_
0edf:3486      _nexpand_
Module: C:\WATCOM/lib286/dos\clibl.lib(fexpand.c)
0edf:34d9      _fexpand_
0edf:34d9*     _expand_
Module: C:\WATCOM/lib286/dos\clibl.lib(fprtf.c)
0edf:3528      __fprtf_
Module: C:\WATCOM/lib286/dos\clibl.lib(initfile.c)
0edf:35f3      __InitFiles_
Module: C:\WATCOM/lib286/dos\clibl.lib(ioexit.c)
0edf:3741*     fcloseall_
0edf:3748      __full_io_exit_
Module: C:\WATCOM/lib286/dos\clibl.lib(dosgtime)
0edf:3752*     _dos_getdate_
0edf:3770      _dos_gettime_
Module: C:\WATCOM/lib286/dos\clibl.lib(mbterm.c)
0edf:378e      _mbterm_
Module: C:\WATCOM/lib286/dos\clibl.lib(mbsnextc.c)
0edf:37d0      _mbsnextc_
Module: C:\WATCOM/lib286/dos\clibl.lib(mbcupper.c)
0edf:3801      _mbctoupper_
Module: C:\WATCOM/lib286/dos\clibl.lib(mbsinc.c)
0edf:3824      _mbsinc_
Module: C:\WATCOM/lib286/dos\clibl.lib(segread.c)
0edf:3860      segread_
Module: C:\WATCOM/lib286/dos\clibl.lib(dointr)
0edf:3880      _DoINTR_
Module: C:\WATCOM/lib286/dos\clibl.lib(unlnk.c)
0edf:3bf9      unlink_
Module: C:\WATCOM/lib286/dos\clibl.lib(iomodtty.c)
0edf:3c0f      __ChkTTYIOMode_
0edf:3c4d*     __IOMode_
Module: C:\WATCOM/lib286/dos\clibl.lib(iomode.c)
0edf:3c5d      __GetIOMode_
0edf:3c82      __SetIOMode_nogrow_
2480:2424      ___NFiles
2480:2426      ___init_mode
2480:244e      ___io_mode
Module: C:\WATCOM/lib286/dos\clibl.lib(dosret.c)
0edf:3ca5*     _dosretax_
0edf:3caa*     _dosret0_
0edf:3cb1      __set_errno_dos_
0edf:3d0f*     __set_errno_dos_reterr_
Module: C:\WATCOM/lib286/dos\clibl.lib(stack086.c)
0edf:3d1a      stackavail_
Module: C:\WATCOM/lib286/dos\clibl.lib(stk)
0edf:3d2d*     __STK
0edf:3d4d      __STKOVERFLOW_
Module: C:\WATCOM/lib286/dos\clibl.lib(opendos.c)
0edf:3d6a      _dos_open_
Module: C:\WATCOM/lib286/dos\clibl.lib(isatt.c)
0edf:3d90      isatty_
Module: C:\WATCOM/lib286/dos\clibl.lib(umaskval.c)
2480:2468      ___umaskval
Module: C:\WATCOM/lib286/dos\clibl.lib(creatdos.c)
0edf:3dac      _dos_creat_
0edf:3dd0*     _dos_creatnew_
Module: C:\WATCOM/lib286/dos\clibl.lib(stiomode.c)
0edf:3df2+     __grow_iomode_
0edf:3eb5+     __shrink_iomode_
0edf:3ef0      __SetIOMode_
Module: C:\WATCOM/lib286/dos\clibl.lib(xmsg.c)
0edf:3f53*     __exit_with_msg_
0edf:3f58      __fatal_runtime_error_
Module: C:\WATCOM/lib286/dos\clibl.lib(initrtns.c)
0edf:3fb1      __InitRtns
0edf:3fb1*     __FInitRtns
0edf:400c      __FiniRtns
0edf:400c*     __FFiniRtns
Module: C:\WATCOM/lib286/dos\clibl.lib(cmain086.c)
0edf:4070      __CMain
Module: C:\WATCOM/lib286/dos\clibl.lib(uselfn.c)
2480:246a      ___uselfn
Module: C:\WATCOM/lib286/dos\clibl.lib(initargv.c)
0edf:409b      __Init_Argv_
0edf:40fe+     _getargv_
0edf:42fd      __Fini_Argv_
Module: C:\WATCOM/lib286/dos\clibl.lib(setenvp.c)
0edf:4345      __setenvp_
0edf:4448      __freeenvp_
Module: C:\WATCOM/lib286/dos\clibl.lib(filedos.c)
0edf:44a6*     _dos_close_
0edf:44b4      _dos_commit_
Module: C:\WATCOM/lib286/dos\clibl.lib(qwrit.c)
0edf:44c4      __qwrite_
Module: C:\WATCOM/lib286/dos\clibl.lib(prtf.c)
0edf:4521      __prtf_
Module: C:\WATCOM/lib286/dos\clibl.lib(heapgrow.c)
0edf:52ef*     _heapgrow_
0edf:52ef*     _fheapgrow_
0edf:52f0      _nheapgrow_
Module: C:\WATCOM/lib286/dos\clibl.lib(heapen.c)
2480:246c      ___heap_enabled
Module: C:\WATCOM/lib286/dos\clibl.lib(amblksiz.c)
2480:246e      __amblksiz
Module: C:\WATCOM/lib286/dos\clibl.lib(nmemneed.c)
0edf:536a      __nmemneed_
Module: C:\WATCOM/lib286/dos\clibl.lib(grownear.c)
0edf:53f2      __LastFree_
0edf:546c      __ExpandDGROUP_
Module: C:\WATCOM/lib286/dos\clibl.lib(bfree.c)
0edf:557d      _bfree_
Module: C:\WATCOM/lib286/dos\clibl.lib(bexpand.c)
0edf:55a2      _bexpand_
Module: C:\WATCOM/lib286/dos\clibl.lib(mbisdbcs.c)
2480:2960      ___IsDBCS
Module: C:\WATCOM/lib286/dos\clibl.lib(mbislead.c)
0edf:55fb*     _ismbblead_
2480:2962      ___MBCSIsTable
Module: C:\WATCOM/lib286/dos\clibl.lib(mbinit.c)
0edf:5655      __mbinit_
2480:2470      ___MBCodePage
Module: C:\WATCOM/lib286/dos\clibl.lib(mbdtoupp.c)
0edf:5730      _mbdtoupper_
Module: C:\WATCOM/lib286/dos\clibl.lib(toupper.c)
0edf:573e      toupper_
Module: C:\WATCOM/lib286/dos\clibl.lib(enterdb.c)
0edf:574c      __EnterWVIDEO_
2480:2472+     ___WD_Present
Module: C:\WATCOM/lib286/dos\clibl.lib(sgdef086)
2480:247c      __Start_XI
2480:24a6      __End_XI
2480:24a6      __Start_YI
2480:24be      __End_YI
Module: C:\WATCOM/lib286/dos\clibl.lib(___argc.c)
2480:2a64      ____Argv
2480:2a68      ____Argc
Module: C:\WATCOM/lib286/dos\clibl.lib(histsplt.c)
2480:2a6a      ___historical_splitparms
Module: C:\WATCOM/lib286/dos\clibl.lib(clearenv.c)
0edf:5770      clearenv_
Module: C:\WATCOM/lib286/dos\clibl.lib(wctomb.c)
0edf:5852      wctomb_
Module: C:\WATCOM/lib286/dos\clibl.lib(itoa.c)
0edf:587b+     utoa_
0edf:58d8      itoa_
Module: C:\WATCOM/lib286/dos\clibl.lib(strupr.c)
0edf:58fc      strupr_
Module: C:\WATCOM/lib286/dos\clibl.lib(noefgfmt.c)
2480:2474      ___EFG_printf
2480:2478*     ___EFG_scanf
Module: C:\WATCOM/lib286/dos\clibl.lib(lltoa.c)
0edf:5931      ulltoa_
0edf:5a16*     lltoa_
Module: C:\WATCOM/lib286/dos\clibl.lib(ltoa.c)
0edf:5a78      ultoa_
0edf:5ae7*     ltoa_
Module: C:\WATCOM/lib286/dos\clibl.lib(sbrk.c)
0edf:5b16*     sbrk_
0edf:5b26      __brk_
Module: C:\WATCOM/lib286/dos\clibl.lib(alphabet.c)
2480:178a      ___Alphabet


                        +--------------------+
                        |   Libraries Used   |
                        +--------------------+

C:\WATCOM/lib286/dos\clibl.lib


                        +-----------------------+
                        |   Linker Statistics   |
                        +-----------------------+

Stack size:  1000 (4096.)
Memory size:  00028270 (164464.)
Entry point address: 0edf:1dce
Link time: 00:01.28
