Open Watcom Linker Version 1.9
Portions Copyright (c) 1985-2002 Sybase, Inc. All Rights Reserved.
Created on:       25/01/02 18:30:16
Executable Image: main.exe
creating a DOS executable


                        +------------+
                        |   Groups   |
                        +------------+

Group                           Address              Size
=====                           =======              ====

DGROUP                          2537:0000            00003af0



                        +--------------+
                        |   Segments   |
                        +--------------+

Segment                Class          Group          Address         Size
=======                =====          =====          =======         ====

main_TEXT              CODE           AUTO           0000:0000       0000ee51
_TEXT                  CODE           AUTO           0ee6:0000       00005c04
vpu_main_TEXT          CODE           AUTO           14a6:0004       0000d6d7
serwrite_TEXT          CODE           AUTO           14a6:d6db       000000c9
serrecv_TEXT           CODE           AUTO           14a6:d7a4       00000227
drivers_TEXT           CODE           AUTO           14a6:d9cb       000004e9
drvinst_TEXT           CODE           AUTO           14a6:deb4       00000285
vpuhwint_TEXT          CODE           AUTO           14a6:e139       000001f8
vpudint_TEXT           CODE           AUTO           14a6:e332       00000000
xpmparse_TEXT          CODE           AUTO           14a6:e332       000006a8
strings_TEXT           CODE           AUTO           14a6:e9da       00000000
timerrtn_TEXT          CODE           AUTO           14a6:e9da       00000000
86serpar_TEXT          CODE           AUTO           14a6:e9da       000004ae
ibmpc_TEXT             CODE           AUTO           238e:0008       0000191f
vgadraw_TEXT           CODE           AUTO           238e:1928       00000000
int28hdl_TEXT          CODE           AUTO           238e:1928       00000165
idlehdl_TEXT           CODE           AUTO           238e:1a8e       00000000
FAR_DATA               FAR_DATA       AUTO           2536:000e       00000000
_NULL                  BEGDATA        DGROUP         2537:0000       00000020
_AFTERNULL             BEGDATA        DGROUP         2539:0000       00000002
CONST                  DATA           DGROUP         2539:0002       000017a3
CONST2                 DATA           DGROUP         26b3:0006       00000102
_DATA                  DATA           DGROUP         26c3:0008       00000c32
XIB                    DATA           DGROUP         2786:000a       00000000
XI                     DATA           DGROUP         2786:000a       0000002a
XIE                    DATA           DGROUP         2789:0004       00000000
YIB                    DATA           DGROUP         2789:0004       00000000
YI                     DATA           DGROUP         2789:0004       00000018
YIE                    DATA           DGROUP         278a:000c       00000000
STRINGS                DATA           DGROUP         278a:000c       00000000
DATA                   DATA           DGROUP         278a:000c       00000000
_BSS                   BSS            DGROUP         278a:000c       000005b0
STACK                  STACK          DGROUP         27e6:0000       00001000


                        +----------------+
                        |   Memory Map   |
                        +----------------+

* = unreferenced symbol
+ = symbol only referenced locally

Address        Symbol
=======        ======

Module: main.obj(D:\LEETSRC\499\main.c)
2537:253c+     _mouse_background
2537:259c+     _clipboard
2537:25a4+     _wallpaper_struct
2537:25ac      _cursor_row
2537:25b0      _cursor_col
2537:25b4+     _menu_window
2537:25b8      _ttys
2537:25bc+     _errorlog
2537:25c0+     _comspec
2537:25c4      _old_fill_screen
2537:25c8      _old_draw_rectangle
2537:25cc+     _desktop_shortcuts
2537:25d0      _mouse
2537:25d4      _old_get_pixel
2537:25d8      _old_put_pixel
2537:25dc+     _path
2537:25e0+     _default_icons
2537:25e4      _VGA
2537:25e8+     _window_visibility_order
2537:25ec+     _desktop_icons
2537:25f0+     _desktop_menu
2537:25f4+     _system_font
2537:25f8      _next_tty
2537:25fa+     _power_manager_status
2537:25fc      _next_window
2537:25fe+     _caret_screeny
2537:2600+     _caret_screenx
2537:2602      _old_yres
2537:2604      _old_xres
2537:2606+     _screensaver_timer
2537:2608+     _cwdrive
2537:260a      __RES_Y
2537:260c      __RES_X
2537:260e+     _filename_clipboard
2537:266d+     _wallpaper
2537:267a      _cwd
2537:26cb+     _screensaver_program
2537:18c8+     __TITLE_COLOR
2537:18c9+     __TITLE_COLOR_IA
2537:18ca+     __TITLE_TEXTCOLOR
2537:18cb+     __WINDOW_BGCOLOR
2537:18cc+     __MENU_BGCOLOR
2537:18cd+     __MENU_SELCOLOR
2537:18ce+     __MENU_LINECOLOR
2537:18cf+     __MENU_ATEXTCOLOR
2537:18d0+     __WINDOW_BASICTEXTCOLOR
2537:18d1      __BORDERCOLOR_LIGHT
2537:18d2      __BORDERCOLOR_SHADOW
2537:18d3      __DESKTOP_BGCOLOR
2537:18d4+     __ICON_ACOLOR
2537:18d5+     __ICON_ICOLOR
2537:18d6+     __TEXTBOX_BGCOLOR
2537:18d7+     __TEXTBOX_ABGCOLOR
2537:18d8+     __TEXTBOX_TEXTCOLOR
2537:18d9+     __TEXTBOX_ATEXTCOLOR
2537:18da+     __SCROLLBAR_BGCOLOR
2537:18db+     __ATEXT_BGCOLOR
2537:18dc+     _monospace_font
2537:18e0      _video
2537:18e1*     _mouse_dragboxes
2537:18e5+     _titlebar_drag
2537:18e9      _windows
2537:18ed      _window_count
2537:18ef+     _desktop_icon_count
2537:18f1+     _icon_selected
2537:18f3      _active_window
2537:18f5      _running_window
2537:18f9      _running_console
2537:18fd+     _system_font_file
2537:190b+     _monospace_font_file
2537:191c      _VPUCON_LINES
2537:191d+     _window_x
2537:191f+     _window_y
2537:1921+     _comsuf
2537:1926+     _exesuf
2537:192b+     _batsuf
2537:1930+     _appsuf
2537:1935+     _lnksuf
2537:193a+     _shortcut_count
2537:193c+     _screensaver_delay
2537:193e      _screen_redraw
2537:193f      _videodriver
2537:1941+     _null_byte
2537:1942      _update_screen
2537:194b      _tty
2537:194c      _new_tty
2537:194d+     _caret_visible
2537:1a62      _draw_window_box
2537:1a66+     _menu_selected
2537:1a94      _mouse_cursor
2537:1a98      _normal_cursor
2537:1a9c      _busy_cursor
2537:1aa4+     _upleft_move
2537:1ab0+     _upleft_close
2537:1abd+     _upleft_maximize
2537:1aca+     _upleft_resize
2537:1ad1+     _upleft_minimize
2537:1ada+     _dialog_ok
2537:1add+     _dialog_cancel
2537:1ae4+     _dialog_yes
2537:1ae8+     _dialog_no
2537:1aeb+     _dialog_help
2537:1af6+     _edit_text_ptr
2537:1afa+     _errortitle
2537:1b00      _outofmemory
2537:1b0f+     _outofmemoryprompt
2537:1b60+     _outofmemoryprompt2
2537:1b88+     _outofmemoryprompt3
2537:1bab+     _weekdays
0000:0000*     init_power_manager_
0000:0028+     throttle_cpu_
0000:0042+     restore_cpu_clock_
0000:02e5      dosexec_
0000:0396+     make_sound_
0000:03ec      windowpos_visible_
0000:054c+     load_system_font_
0000:05d0+     string_width_
0000:070e+     draw_char_
0000:0c51      gprint_text_
0000:0d4b+     cprint_text_
0000:0e22+     new_menu_
0000:0ec3+     new_menuitem_
0000:284b      draw_screen_
0000:28b6      set_active_window_
0000:2b41+     get_mouse_movement_
0000:2d07      hide_mouse_cursor_
0000:2da8      redraw_mouse_cursor_
0000:504a      window_drawelement_
0000:5151      draw_window_
0000:55d1      window_grid_delelement_
0000:57b9      del_window_
0000:5a11+     new_window_
0000:5dfa      window_recalc_hitboxes_
0000:60ea      window_scrollbar_
0000:61c8      window_icon_
0000:62eb      window_list_
0000:6400+     window_list_selectrow_
0000:65a7      window_ml_textbox_
0000:6649      window_textbox_
0000:678c      window_button_
0000:687a      window_checkbox_
0000:695f      window_radiobutton_select_
0000:6a4c      window_radiobutton_
0000:6b60      window_text_
0000:6c24      window_image_
0000:6cd5      dialog_
0000:77a5      nomemory_
0000:7927+     show_error_code_
0000:7987+     show_error_msg_
0000:79ab      show_error_console_
0000:7af3      log_error_
0000:8737      find_executable_
0000:8867      chdrive_
0000:88c8      split_args_
0000:8a79      run_program_
0000:8d0c*     set_cursor_position_
0000:9706      dostime_
0000:9748      dosdate_
0000:9786+     human_date_
0000:97df      shortdelay_
0000:c860      vpucon_caret_
0000:c9a0      clear_row_
0000:ca8d      clear_console_
0000:cf58      move_
0000:d41f      flush_stdout_
0000:d4a4      print_text_
0000:d4b0      putstr_
0000:d4b3      inc_row_
0000:d4b7      refresh_
0000:d4cb*     scroll_up_
0000:d4cf      vpuconsole_getch_
0000:d515      vpu_has_active_window_
0000:d56d      vpu_cwd_
0000:d62a      con_move_back_
0000:d7dd      vpuconsole_program_
0000:dfb3      init_vpuprog_window_
0000:e043      mtask_win_
0000:eb8e      main_
2537:1bd4+     _update_list
2537:1be7+     _vpuconsole_window_title
2537:26d8      __FONT_HEIGHT
Module: vpu_main.obj(D:\LEETSRC\499\vpu\console\vpu_main.c)
2537:1bf4+     _debugfp
2537:1bf8      _debug
2537:1bf9+     _console
2537:1bfb      _symbol_count
2537:1bfd*     _data_auto_len
2537:1bfe*     _code_auto_len
2537:1bff      _datap_segment
2537:1c01      _datap_offset
2537:1c03+     _codep_offset
2537:1c05+     _codep_segment
2537:1c07      _line_num
2537:1c09      _pass
2537:1c0a*     _data_count
2537:1c0c+     _data_types
2537:1c18+     _syntaxerror
2537:1c2e      _DEFAULT_PRIVS
2537:1c30+     _stackoverflowerror
2537:1c40+     _stackunderflowerror
2537:1c51+     _segfaulterror
2537:1c69      _vpu_count
2537:1c6b+     _pid_counter
2537:1c6d+     _INSTR
2537:1d6d+     _VINSTR
2537:1d7b+     _SBYTE_INSTR
2537:1d87+     _SWORD_INSTR
2537:1d90+     _DBYTE_INSTR
2537:1da9+     _OPERIMM_INSTR
2537:1dc0+     _DWORD_INSTR
2537:1dc3+     _TWORD_INSTR
2537:1dc5+     _TBYTE_INSTR
2537:1dc8+     _WREG_INSTR
2537:1dcd+     _BYTEINT_INSTR
2537:1dd0+     _JUMP_INSTR
2537:1ddc+     _siregs
2537:1dec*     _regs
2537:1e0c*     _header_keywords
2537:1e7c+     _nowindowerror
2537:1e93+     _vpu_instr_scrcall
2537:1f1c      _vpu_hardware_int_table
2537:1f20      _vpu_hwint_count
2537:1f22+     _kernel_parm
2537:1f2e+     _global_open_files
2537:1f30+     _modfs
2537:1f36+     _stdin_endchars
2537:1f39+     _timezone
2537:1f44+     _vpu_instr_syscall
2537:200c+     _instruction_func_ptr
2537:210c+     _error_while_opening
14a6:24c8      unixtime_
14a6:6baa      send_vpu_signal_
14a6:701c      reset_vpu_interrupt_handlers_
14a6:7055      set_vpu_interrupt_handlers_
14a6:77d7      append_path_
14a6:7864      vpu_sched_yield_
14a6:b02d      all_proc_blocking_
14a6:b4ef      vpu_run_
14a6:c1db      vpu_run_program_
14a6:ca0e      commandline_
14a6:cccf      code_editor_
14a6:d3d9      new_console_
14a6:d618      delete_console_
2537:2129+     _response_ready
2537:2808+     _asm_content
2537:280c+     _history
2537:2810      _vpus
2537:2814      _data
2537:2818      _symbols
2537:281c      _message
2537:2880+     _smessage
2537:2884*     _hexstr
2537:288a      _starttime_high
2537:288c      _starttime_low
2537:288e+     _data_allocated
2537:2890      _SCR_ROWS
Module: serwrite.obj(D:\LEETSRC\499\vpu\serwrite.c)
14a6:d741      serial_write_
Module: serrecv.obj(D:\LEETSRC\499\vpu\serrecv.c)
14a6:d879      serial_int_handler_
Module: drivers.obj(D:\LEETSRC\499\drvmod\drivers.c)
14a6:d9cb      driver_id_
14a6:da25      dev_cmd_
14a6:daa4      dev_read_
14a6:db1e      dev_write_
14a6:db5c      dev_open_
14a6:dbd6      dev_close_
14a6:dc3f*     dev_lseek_
14a6:dc83      dev_fsync_
14a6:dcbb      dev_geterror_
14a6:dcf6+     unload_driver_
14a6:dd29      unload_drivers_
14a6:dd3f      unload_module_
14a6:dddb      load_driver_
2537:21a8      _driver_count
2537:2916      _drivers
2537:291a+     _driver_func_ptr
Module: drvinst.obj(D:\LEETSRC\499\drvmod\drvinst.c)
14a6:dfdd      driver_installer_
Module: vpuhwint.obj(D:\LEETSRC\499\vpu\vpuhwint.c)
14a6:e139      set_vpu_turn_
14a6:e2c5      int_to_vpu_
Module: vpudint.obj(D:\LEETSRC\499\vpu\vpudint.asm)
0000:ed36      dummy_interrupt_mask_handler_
0000:ed46      dummy_interrupt_mask_handler_end_
0000:ed46      dummy_interrupt_mask_handler_cont_
0000:0000      dummy_interrupt_mask_handler_cont_end_
Module: xpmparse.obj(D:\LEETSRC\499\xpmparse\xpmparse.c)
14a6:e7bf      load_xpm_bitmap_
14a6:e8b3      draw_xpm_bitmap_
Module: timerrtn.obj(D:\LEETSRC\499\timerrtn.asm)
0ee6:0002      timer_rtn_
0ee6:0008      _old_timer_rtn
0ee6:0000      _clock_ticks
Module: 86serpar.obj(D:\LEETSRC\499\vpu\86serpar.c)
14a6:ea97      serial_read_
14a6:eb3a      serial_init_
14a6:ece1      close_serialport_
14a6:ed8b      parallel_init_
14a6:edee      parallel_write_
2537:21bc      _serialbase
2537:21c0      _serport_buffer
2537:21d0+     _prev_int_b
2537:21d4+     _prev_int_c
2537:21d8+     _baud_divisors
2537:21f2+     _parallelbase
2537:291e+     _old_int_mask
Module: ibmpc.obj(D:\LEETSRC\499\ibmpc.c)
238e:0008      reset_int24_
238e:0120      set_int24_
238e:0145      hide_mouse_if_in_box_
238e:018d      fill_screen_
238e:01a0      scrmemcpy_
238e:01c3+     put_pixel_13h_
238e:01ef+     put_pixel_cga_
238e:023a+     put_pixel_ega2_
238e:0278      put_pixel_raw_
238e:0294*     get_pixel_raw_
238e:02a4      put_pixel_
238e:0322      put_pixel_shadow_
238e:0348+     get_pixel_cga_
238e:0398+     get_pixel_13h_
238e:03bb+     get_pixel_ega2_
238e:03fc      get_pixel_
238e:041d      draw_move_borders_
238e:0687*     clear_screen_
238e:07a4+     draw_rectangle_cga_
238e:08ac+     draw_rectangle_ega2_
238e:09f4+     draw_rectangle_ega4_
238e:0b5a      draw_rectangle_px_
238e:0d5e      draw_rectangle_
238e:0ef6+     fill_screen_ega4_
238e:0f42+     fill_screen_ega2_
238e:0f7c+     fill_screen_cga_
238e:0f9e+     fill_screen_px_
238e:0fcc      draw_line_
238e:10c7      video_mode_
238e:127a      restore_videomode_
238e:1329      draw_borders_
238e:13fb      draw_circle_
238e:14f0      draw_circle_border_
238e:1651      draw_filled_circle_
238e:18ad      set_keyboard_handler_
238e:18e1      reset_keyboard_handler_
238e:18f3      findfirst_
238e:1914      findnext_
2537:21f6+     _error1
2537:2202+     _error2
2537:220a+     _error3
2537:221a+     _dierror
2537:2256      _driver_videomode
2537:2920+     _old_kbd_handler
2537:2924      _get_pixel_screen
2537:2928      _put_pixel_screen
2537:292c      _fill_screen_color
2537:2930      _draw_rectangle_screen
2537:2934      _video_memcpy
2537:2938+     _errormsg
2537:299c+     _prev_int_24
2537:29a0      _keyboard_status
2537:29a2      __VIDEO_MODE
Module: vgadraw.obj(D:\LEETSRC\499\vgadraw.asm)
0000:ed95      put_pixel_ega4_
0000:eddd      get_pixel_ega4_
0000:ed57      sync_pixels_ega4_
0000:ed56      _ega4_lastoperation
Module: int28hdl.obj(D:\LEETSRC\499\int28hdl\int28hdl.c)
238e:1928      int28h_hdl_
238e:19f8      set_dosidle_handler_
238e:1a19      save_dosidle_handler_
238e:1a64      reset_dosidle_handler_
Module: idlehdl.obj(D:\LEETSRC\499\int28hdl\idlehdl.asm)
0ee6:001e      dosidle_handler_
0ee6:000c      _diskio_in_progress
0ee6:005b      int21wrp_
0ee6:00a1      _old_int21hdl
0ee6:0057      _old_dosidle_handler
0ee6:0018      save_stack_seg_
Module: C:\WATCOM/lib286/dos\clibl.lib(fopen.c)
0ee6:00cf+     __open_flags_
0ee6:02cf+     _fsopen_
0ee6:0336      fopen_
0ee6:0411*     freopen_
Module: C:\WATCOM/lib286/dos\clibl.lib(atoi.c)
0ee6:0487      atoi_
Module: C:\WATCOM/lib286/dos\clibl.lib(fgetc.c)
0ee6:04ef      __fill_buffer_
0ee6:05e4      fgetc_
Module: C:\WATCOM/lib286/dos\clibl.lib(fclose.c)
0ee6:0689      __doclose_
0ee6:073a      __shutdown_stream_
0ee6:0754      fclose_
2537:29ac+     ___RmTmpFileFn
Module: C:\WATCOM/lib286/dos\clibl.lib(sprintf.c)
0ee6:079f      sprintf_
Module: C:\WATCOM/lib286/dos\clibl.lib(fmalloc.c)
0ee6:07ce      _fmalloc_
0ee6:07ce      malloc_
2537:225e+     ___fheap
2537:2260      ___fheapRover
2537:2262      ___LargestSizeB4Rover
Module: C:\WATCOM/lib286/dos\clibl.lib(ffree.c)
0ee6:08db      _ffree_
0ee6:08db      free_
Module: C:\WATCOM/lib286/dos\clibl.lib(bheapmin.c)
0ee6:0921*     _bheapmin_
0ee6:0921      _bheapshrink_
Module: C:\WATCOM/lib286/dos\clibl.lib(sound.c)
0ee6:0943      sound_
0ee6:09dd      nosound_
Module: C:\WATCOM/lib286/dos\clibl.lib(fseek.c)
0ee6:0a68      fseek_
Module: C:\WATCOM/lib286/dos\clibl.lib(ftell.c)
0ee6:0bb6      ftell_
Module: C:\WATCOM/lib286/dos\clibl.lib(rewind.c)
0ee6:0c12      rewind_
Module: C:\WATCOM/lib286/dos\clibl.lib(calloc.c)
0ee6:0c2f      calloc_
Module: C:\WATCOM/lib286/dos\clibl.lib(fread.c)
0ee6:0c6e      fread_
Module: C:\WATCOM/lib286/dos\clibl.lib(kbhit.c)
0ee6:0e61      kbhit_
Module: C:\WATCOM/lib286/dos\clibl.lib(getch.c)
0ee6:0e78      getch_
Module: C:\WATCOM/lib286/dos\clibl.lib(fputc.c)
0ee6:0e92      fputc_
Module: C:\WATCOM/lib286/dos\clibl.lib(finddos.c)
0ee6:0f62      _dos_findfirst_
0ee6:0f95      _dos_findnext_
0ee6:0fa8*     _dos_findclose_
Module: C:\WATCOM/lib286/dos\clibl.lib(frealloc.c)
0ee6:0fab*     _frealloc_
0ee6:0fab      realloc_
Module: C:\WATCOM/lib286/dos\clibl.lib(memmove.c)
0ee6:1087      memmove_
Module: C:\WATCOM/lib286/dos\clibl.lib(d_getvec.c)
0ee6:10fd      _dos_getvect_
Module: C:\WATCOM/lib286/dos\clibl.lib(i4m)
0ee6:1108      __I4M
0ee6:1108      __U4M
Module: C:\WATCOM/lib286/dos\clibl.lib(i4d)
0ee6:1120      __I4D
0ee6:116f      __U4D
Module: C:\WATCOM/lib286/dos\clibl.lib(d_setvec.c)
0ee6:11f3      _dos_setvect_
Module: C:\WATCOM/lib286/dos\clibl.lib(puts.c)
0ee6:1200      puts_
Module: C:\WATCOM/lib286/dos\clibl.lib(printf.c)
0ee6:1230      printf_
Module: C:\WATCOM/lib286/dos\clibl.lib(iob.c)
2537:2264      ___iob
2537:23cc      __fmode
2537:29b0      ___OpenStreams
2537:29b4      ___ClosedStreams
Module: C:\WATCOM/lib286/dos\clibl.lib(fflush.c)
0ee6:125f      fflush_
Module: C:\WATCOM/lib286/dos\clibl.lib(sleep.c)
0ee6:1274      sleep_
Module: C:\WATCOM/lib286/dos\clibl.lib(dosdrive)
0ee6:12c6      _dos_getdrive_
0ee6:12da      _dos_setdrive_
Module: C:\WATCOM/lib286/dos\clibl.lib(gtcwd.c)
0ee6:12f0      getcwd_
Module: C:\WATCOM/lib286/dos\clibl.lib(chdir.c)
0ee6:139b      chdir_
Module: C:\WATCOM/lib286/dos\clibl.lib(getenv.c)
0ee6:13b1      getenv_
Module: C:\WATCOM/lib286/dos\clibl.lib(intx086.c)
0ee6:1476+     int86x_
0ee6:150f      int86_
Module: C:\WATCOM/lib286/dos\clibl.lib(intr.c)
0ee6:153c      intr_
Module: C:\WATCOM/lib286/dos\clibl.lib(dosdisk)
0ee6:1550      _dos_getdiskfree_
Module: C:\WATCOM/lib286/dos\clibl.lib(gfattdos.c)
0ee6:157e      _dos_getfileattr_
Module: C:\WATCOM/lib286/dos\clibl.lib(mkdir.c)
0ee6:1595      mkdir_
Module: C:\WATCOM/lib286/dos\clibl.lib(renam.c)
0ee6:15ab      rename_
Module: C:\WATCOM/lib286/dos\clibl.lib(errno.c)
0ee6:15c7      __get_errno_ptr_
0ee6:15ce      __get_doserrno_ptr_
2537:29b8+     _errno
2537:29ba+     __doserrno
Module: C:\WATCOM/lib286/dos\clibl.lib(close.c)
0ee6:15d5      close_
Module: C:\WATCOM/lib286/dos\clibl.lib(remove.c)
0ee6:15da      remove_
Module: C:\WATCOM/lib286/dos\clibl.lib(read.c)
0ee6:15df      read_
Module: C:\WATCOM/lib286/dos\clibl.lib(write.c)
0ee6:17f9      write_
Module: C:\WATCOM/lib286/dos\clibl.lib(open.c)
0ee6:1bd7      open_
0ee6:1c0e      sopen_
Module: C:\WATCOM/lib286/dos\clibl.lib(strncmp.c)
0ee6:1c3b      strncmp_
Module: C:\WATCOM/lib286/dos\clibl.lib(abort.c)
0ee6:1c7a      abort_
0ee6:1c9c+     __terminate_
2537:23ce+     ___abort
Module: C:\WATCOM/lib286/dos\clibl.lib(getdcwd.c)
0ee6:1caf      _getdcwd_
Module: C:\WATCOM/lib286/dos\clibl.lib(exit.c)
0ee6:1d26+     __null_int23_exit_
0ee6:1d27      exit_
0ee6:1d58*     _exit_
2537:23d2+     ___int23_exit
2537:23d6+     ___FPE_handler_exit
Module: C:\WATCOM/lib286/dos\clibl.lib(ungetch.c)
0ee6:1d71      ungetch_
Module: C:\WATCOM/lib286/dos\clibl.lib(cstart)
2537:0000*     __nullarea
2537:23da*     __ovlflag
2537:23db*     __intno
2537:23dc*     __ovlvec
0ee6:1d88      _cstart_
0ee6:1e5b*     _Not_Enough_Memory_
0ee6:1f8f      __exit_
0ee6:1fae      __do_exit_with_msg__
0ee6:200c      __GETDS
Module: C:\WATCOM/lib286/dos\clibl.lib(argcv.c)
2537:29bc      __argv
2537:29c0      ___argv
2537:29c4      __argc
2537:29c6      ___argc
Module: C:\WATCOM/lib286/dos\clibl.lib(fprintf.c)
0ee6:2016      fprintf_
Module: C:\WATCOM/lib286/dos\clibl.lib(strtol.c)
0ee6:228d      strtoul_
0ee6:229f      strtol_
Module: C:\WATCOM/lib286/dos\clibl.lib(fcalloc.c)
0ee6:22a8      _fcalloc_
Module: C:\WATCOM/lib286/dos\clibl.lib(strncpy.c)
0ee6:22ef      strncpy_
Module: C:\WATCOM/lib286/dos\clibl.lib(environ.c)
2537:29c8      ___env_mask
2537:29cc      _environ
2537:29d0*     __wenviron
Module: C:\WATCOM/lib286/dos\clibl.lib(strncat.c)
0ee6:232b      strncat_
Module: C:\WATCOM/lib286/dos\clibl.lib(fsync.c)
0ee6:236a      fsync_
Module: C:\WATCOM/lib286/dos\clibl.lib(lseek.c)
0ee6:236f      lseek_
Module: C:\WATCOM/lib286/dos\clibl.lib(rmdir.c)
0ee6:23a0      rmdir_
Module: C:\WATCOM/lib286/dos\clibl.lib(fputs.c)
0ee6:23b6      fputs_
Module: C:\WATCOM/lib286/dos\clibl.lib(fgets.c)
0ee6:2456      fgets_
Module: C:\WATCOM/lib286/dos\clibl.lib(delay.c)
0ee6:24e5      delay_
Module: C:\WATCOM/lib286/dos\clibl.lib(chainint)
0ee6:2644      _chain_intr_
Module: C:\WATCOM/lib286/dos\clibl.lib(comtflag.c)
2537:246c      __commode
Module: C:\WATCOM/lib286/dos\clibl.lib(seterrno.c)
0ee6:2664      __set_errno_
0ee6:2678*     __set_EDOM_
0ee6:268a*     __set_ERANGE_
0ee6:269c      __set_EINVAL_
0ee6:26b1      __set_doserrno_
Module: C:\WATCOM/lib286/dos\clibl.lib(tolower.c)
0ee6:26bd      tolower_
Module: C:\WATCOM/lib286/dos\clibl.lib(chktty.c)
0ee6:26cb      __chktty_
Module: C:\WATCOM/lib286/dos\clibl.lib(freefp.c)
0ee6:26f6      __freefp_
0ee6:2771      __purgefp_
Module: C:\WATCOM/lib286/dos\clibl.lib(allocfp.c)
0ee6:27b2      __allocfp_
Module: C:\WATCOM/lib286/dos\clibl.lib(istable.c)
2537:17c6      __IsTable
Module: C:\WATCOM/lib286/dos\clibl.lib(flushall.c)
0ee6:28d4      __flushall_
0ee6:2931      flushall_
Module: C:\WATCOM/lib286/dos\clibl.lib(gtche.c)
0ee6:2936      getche_
Module: C:\WATCOM/lib286/dos\clibl.lib(ioalloc.c)
0ee6:2950      __ioalloc_
Module: C:\WATCOM/lib286/dos\clibl.lib(qread.c)
0ee6:29ea      __qread_
Module: C:\WATCOM/lib286/dos\clibl.lib(__lseek.c)
0ee6:2a0a      __lseek_
Module: C:\WATCOM/lib286/dos\clibl.lib(_clse.c)
0ee6:2a44      __close_
Module: C:\WATCOM/lib286/dos\clibl.lib(flush.c)
0ee6:2a77      __flush_
Module: C:\WATCOM/lib286/dos\clibl.lib(vsprintf.c)
0ee6:2bc3      vsprintf_
Module: C:\WATCOM/lib286/dos\clibl.lib(hpgrw086.c)
0ee6:2bee      __CMain_nheapgrow_
Module: C:\WATCOM/lib286/dos\clibl.lib(mem.c)
0ee6:2c00      __MemAllocator
0ee6:2cca      __MemFree
Module: C:\WATCOM/lib286/dos\clibl.lib(growseg.c)
0ee6:2e27      __GrowSeg_
Module: C:\WATCOM/lib286/dos\clibl.lib(allocseg.c)
0ee6:2f19      __AllocSeg_
Module: C:\WATCOM/lib286/dos\clibl.lib(fmemneed.c)
0ee6:2fb0      __fmemneed_
Module: C:\WATCOM/lib286/dos\clibl.lib(nmalloc.c)
0ee6:2fb3      _nmalloc_
2537:246e      ___nheapbeg
2537:2470      ___MiniHeapRover
2537:2472      ___LargestSizeB4MiniHeapRover
Module: C:\WATCOM/lib286/dos\clibl.lib(nfree.c)
0ee6:308d      _nfree_
2537:29d4+     ___MiniHeapFreeRover
Module: C:\WATCOM/lib286/dos\clibl.lib(bheapseg.c)
2537:2474      ___bheap
Module: C:\WATCOM/lib286/dos\clibl.lib(heapmin.c)
0ee6:3188      __HeapMin_
Module: C:\WATCOM/lib286/dos\clibl.lib(nheapmin.c)
0ee6:3240      _nheapshrink_
0ee6:3240*     _nheapmin_
Module: C:\WATCOM/lib286/dos\clibl.lib(nonibm.c)
0ee6:330b+     __is_nonIBM_
2537:2476      ___NonIBM
Module: C:\WATCOM/lib286/dos\clibl.lib(tell.c)
0ee6:3352      tell_
Module: C:\WATCOM/lib286/dos\clibl.lib(crwdata)
2537:2478      __curbrk
2537:2480      __STACKLOW
2537:2482      __STACKTOP
2537:2484      __cbyte
2537:2486      __child
2537:2488      __no87
2537:2496      ___FPE_handler
2537:247a      __psp
2537:248a      __get_ovl_stack
2537:248e      __restore_ovl_stack
2537:2492      __close_ovl_file
2537:249a      __LpCmdLine
2537:249e      __LpPgmName
2537:247c      __osmajor
2537:247d      __osminor
2537:247e      __osmode
2537:247f      __HShift
Module: C:\WATCOM/lib286/dos\clibl.lib(doserror)
0ee6:3364      __doserror_
Module: C:\WATCOM/lib286/dos\clibl.lib(fmsize.c)
0ee6:3372*     _msize_
0ee6:3372      _fmsize_
Module: C:\WATCOM/lib286/dos\clibl.lib(nexpand.c)
0ee6:3383      __HeapManager_expand_
0ee6:34fa      _nexpand_
Module: C:\WATCOM/lib286/dos\clibl.lib(fexpand.c)
0ee6:354d      _fexpand_
0ee6:354d*     _expand_
Module: C:\WATCOM/lib286/dos\clibl.lib(fprtf.c)
0ee6:359c      __fprtf_
Module: C:\WATCOM/lib286/dos\clibl.lib(initfile.c)
0ee6:3667      __InitFiles_
Module: C:\WATCOM/lib286/dos\clibl.lib(ioexit.c)
0ee6:37b5*     fcloseall_
0ee6:37bc      __full_io_exit_
Module: C:\WATCOM/lib286/dos\clibl.lib(dosgtime)
0ee6:37c6*     _dos_getdate_
0ee6:37e4      _dos_gettime_
Module: C:\WATCOM/lib286/dos\clibl.lib(mbterm.c)
0ee6:3802      _mbterm_
Module: C:\WATCOM/lib286/dos\clibl.lib(mbsnextc.c)
0ee6:3844      _mbsnextc_
Module: C:\WATCOM/lib286/dos\clibl.lib(mbcupper.c)
0ee6:3875      _mbctoupper_
Module: C:\WATCOM/lib286/dos\clibl.lib(mbsinc.c)
0ee6:3898      _mbsinc_
Module: C:\WATCOM/lib286/dos\clibl.lib(segread.c)
0ee6:38d4      segread_
Module: C:\WATCOM/lib286/dos\clibl.lib(dointr)
0ee6:38f4      _DoINTR_
Module: C:\WATCOM/lib286/dos\clibl.lib(unlnk.c)
0ee6:3c6d      unlink_
Module: C:\WATCOM/lib286/dos\clibl.lib(iomodtty.c)
0ee6:3c83      __ChkTTYIOMode_
0ee6:3cc1*     __IOMode_
Module: C:\WATCOM/lib286/dos\clibl.lib(iomode.c)
0ee6:3cd1      __GetIOMode_
0ee6:3cf6      __SetIOMode_nogrow_
2537:24a2      ___NFiles
2537:24a4      ___init_mode
2537:24cc      ___io_mode
Module: C:\WATCOM/lib286/dos\clibl.lib(dosret.c)
0ee6:3d19*     _dosretax_
0ee6:3d1e*     _dosret0_
0ee6:3d25      __set_errno_dos_
0ee6:3d83*     __set_errno_dos_reterr_
Module: C:\WATCOM/lib286/dos\clibl.lib(stack086.c)
0ee6:3d8e      stackavail_
Module: C:\WATCOM/lib286/dos\clibl.lib(stk)
0ee6:3da1*     __STK
0ee6:3dc1      __STKOVERFLOW_
Module: C:\WATCOM/lib286/dos\clibl.lib(opendos.c)
0ee6:3dde      _dos_open_
Module: C:\WATCOM/lib286/dos\clibl.lib(isatt.c)
0ee6:3e04      isatty_
Module: C:\WATCOM/lib286/dos\clibl.lib(umaskval.c)
2537:24e6      ___umaskval
Module: C:\WATCOM/lib286/dos\clibl.lib(creatdos.c)
0ee6:3e20      _dos_creat_
0ee6:3e44*     _dos_creatnew_
Module: C:\WATCOM/lib286/dos\clibl.lib(stiomode.c)
0ee6:3e66+     __grow_iomode_
0ee6:3f29+     __shrink_iomode_
0ee6:3f64      __SetIOMode_
Module: C:\WATCOM/lib286/dos\clibl.lib(xmsg.c)
0ee6:3fc7*     __exit_with_msg_
0ee6:3fcc      __fatal_runtime_error_
Module: C:\WATCOM/lib286/dos\clibl.lib(initrtns.c)
0ee6:4025      __InitRtns
0ee6:4025*     __FInitRtns
0ee6:4080      __FiniRtns
0ee6:4080*     __FFiniRtns
Module: C:\WATCOM/lib286/dos\clibl.lib(cmain086.c)
0ee6:40e4      __CMain
Module: C:\WATCOM/lib286/dos\clibl.lib(uselfn.c)
2537:24e8      ___uselfn
Module: C:\WATCOM/lib286/dos\clibl.lib(initargv.c)
0ee6:410f      __Init_Argv_
0ee6:4172+     _getargv_
0ee6:4371      __Fini_Argv_
Module: C:\WATCOM/lib286/dos\clibl.lib(setenvp.c)
0ee6:43b9      __setenvp_
0ee6:44bc      __freeenvp_
Module: C:\WATCOM/lib286/dos\clibl.lib(filedos.c)
0ee6:451a*     _dos_close_
0ee6:4528      _dos_commit_
Module: C:\WATCOM/lib286/dos\clibl.lib(qwrit.c)
0ee6:4538      __qwrite_
Module: C:\WATCOM/lib286/dos\clibl.lib(prtf.c)
0ee6:4595      __prtf_
Module: C:\WATCOM/lib286/dos\clibl.lib(heapgrow.c)
0ee6:5363*     _heapgrow_
0ee6:5363*     _fheapgrow_
0ee6:5364      _nheapgrow_
Module: C:\WATCOM/lib286/dos\clibl.lib(heapen.c)
2537:24ea      ___heap_enabled
Module: C:\WATCOM/lib286/dos\clibl.lib(amblksiz.c)
2537:24ec      __amblksiz
Module: C:\WATCOM/lib286/dos\clibl.lib(nmemneed.c)
0ee6:53de      __nmemneed_
Module: C:\WATCOM/lib286/dos\clibl.lib(grownear.c)
0ee6:5466      __LastFree_
0ee6:54e0      __ExpandDGROUP_
Module: C:\WATCOM/lib286/dos\clibl.lib(sbrk.c)
0ee6:55f1      sbrk_
0ee6:5601      __brk_
Module: C:\WATCOM/lib286/dos\clibl.lib(bfree.c)
0ee6:566b      _bfree_
Module: C:\WATCOM/lib286/dos\clibl.lib(bexpand.c)
0ee6:5690      _bexpand_
Module: C:\WATCOM/lib286/dos\clibl.lib(mbisdbcs.c)
2537:29e0      ___IsDBCS
Module: C:\WATCOM/lib286/dos\clibl.lib(mbislead.c)
0ee6:56e9*     _ismbblead_
2537:29e2      ___MBCSIsTable
Module: C:\WATCOM/lib286/dos\clibl.lib(mbinit.c)
0ee6:5743      __mbinit_
2537:24ee      ___MBCodePage
Module: C:\WATCOM/lib286/dos\clibl.lib(mbdtoupp.c)
0ee6:581e      _mbdtoupper_
Module: C:\WATCOM/lib286/dos\clibl.lib(toupper.c)
0ee6:582c      toupper_
Module: C:\WATCOM/lib286/dos\clibl.lib(enterdb.c)
0ee6:583a      __EnterWVIDEO_
2537:24f0+     ___WD_Present
Module: C:\WATCOM/lib286/dos\clibl.lib(sgdef086)
2537:24fa      __Start_XI
2537:2524      __End_XI
2537:2524      __Start_YI
2537:253c      __End_YI
Module: C:\WATCOM/lib286/dos\clibl.lib(___argc.c)
2537:2ae4      ____Argv
2537:2ae8      ____Argc
Module: C:\WATCOM/lib286/dos\clibl.lib(histsplt.c)
2537:2aea      ___historical_splitparms
Module: C:\WATCOM/lib286/dos\clibl.lib(clearenv.c)
0ee6:585e      clearenv_
Module: C:\WATCOM/lib286/dos\clibl.lib(wctomb.c)
0ee6:5940      wctomb_
Module: C:\WATCOM/lib286/dos\clibl.lib(itoa.c)
0ee6:5969+     utoa_
0ee6:59c6      itoa_
Module: C:\WATCOM/lib286/dos\clibl.lib(strupr.c)
0ee6:59ea      strupr_
Module: C:\WATCOM/lib286/dos\clibl.lib(noefgfmt.c)
2537:24f2      ___EFG_printf
2537:24f6*     ___EFG_scanf
Module: C:\WATCOM/lib286/dos\clibl.lib(lltoa.c)
0ee6:5a1f      ulltoa_
0ee6:5b04*     lltoa_
Module: C:\WATCOM/lib286/dos\clibl.lib(ltoa.c)
0ee6:5b66      ultoa_
0ee6:5bd5*     ltoa_
Module: C:\WATCOM/lib286/dos\clibl.lib(alphabet.c)
2537:17a0      ___Alphabet


                        +--------------------+
                        |   Libraries Used   |
                        +--------------------+

C:\WATCOM/lib286/dos\clibl.lib


                        +-----------------------+
                        |   Linker Statistics   |
                        +-----------------------+

Stack size:  1000 (4096.)
Memory size:  00028e60 (167520.)
Entry point address: 0ee6:1d88
Link time: 00:01.93
