Open Watcom Linker Version 1.9
Portions Copyright (c) 1985-2002 Sybase, Inc. All Rights Reserved.
Created on:       24/04/23 20:48:29
Executable Image: tcpip.exe
creating a DOS executable


                        +------------+
                        |   Groups   |
                        +------------+

Group                           Address              Size
=====                           =======              ====

DGROUP                          01cd:0000            00000c10



                        +--------------+
                        |   Segments   |
                        +--------------+

Segment                Class          Group          Address         Size
=======                =====          =====          =======         ====

BEGTEXT                CODE           AUTO           0000:0000       00000007
_TEXT                  CODE           AUTO           0000:0010       00001cb6
FAR_DATA               FAR_DATA       AUTO           01cc:0006       00000000
_NULL                  BEGDATA        DGROUP         01cd:0000       00000020
_AFTERNULL             BEGDATA        DGROUP         01cf:0000       00000002
CONST                  DATA           DGROUP         01cf:0002       0000005e
CONST2                 DATA           DGROUP         01d5:0000       00000102
_DATA                  DATA           DGROUP         01e5:0002       00000252
XIB                    DATA           DGROUP         020a:0004       00000000
XI                     DATA           DGROUP         020a:0004       0000000c
XIE                    DATA           DGROUP         020b:0000       00000000
YIB                    DATA           DGROUP         020b:0000       00000000
YI                     DATA           DGROUP         020b:0000       0000000c
YIE                    DATA           DGROUP         020b:000c       00000000
STRINGS                DATA           DGROUP         020b:000c       00000000
DATA                   DATA           DGROUP         020b:000c       00000000
_BSS                   BSS            DGROUP         020b:000c       0000001c
STACK                  STACK          DGROUP         020e:0000       00000800


                        +----------------+
                        |   Memory Map   |
                        +----------------+

* = unreferenced symbol
+ = symbol only referenced locally

Address        Symbol
=======        ======

Module: tcpip.obj(D:\LEETSRC\491\DRIVERS\tcpip.c)
0000:0010+     _open_sockets
0000:0090+     _int21hdl
0000:0094+     _psp_seg
0000:0096+     _open_socket_count
0000:0209      main_
Module: C:\WATCOM/lib286/dos\clibs.lib(d_getvec.c)
0000:0308      _dos_getvect_
Module: C:\WATCOM/lib286/dos\clibs.lib(strtol.c)
0000:0500      strtoul_
0000:0508*     strtol_
Module: C:\WATCOM/lib286/dos\clibs.lib(intx086.c)
0000:050e+     int86x_
0000:0592      int86_
Module: C:\WATCOM/lib286/dos\clibs.lib(puts.c)
0000:05b0      puts_
Module: C:\WATCOM/lib286/dos\clibs.lib(iob.c)
01cd:023e      ___iob
01cd:0356*     __fmode
01cd:03ec      ___OpenStreams
01cd:03ee      ___ClosedStreams
Module: C:\WATCOM/lib286/dos\clibs.lib(fgetc.c)
0000:05d6+     __fill_buffer_
0000:068b      fgetc_
Module: C:\WATCOM/lib286/dos\clibs.lib(d_keep.c)
0000:070a      _dos_keep_
Module: C:\WATCOM/lib286/dos\clibs.lib(cstart)
0000:0003*     ___begtext
01cd:0000*     __nullarea
0000:0710      _cstart_
0000:07e5*     _Not_Enough_Memory_
0000:0910      __exit_
0000:092f      __do_exit_with_msg__
0000:0972      __GETDS
Module: C:\WATCOM/lib286/dos\clibs.lib(cmodel)
0000:097c      _small_code_
0000:097c*     CodeModelMismatch
Module: C:\WATCOM/lib286/dos\clibs.lib(argcv.c)
01cd:03f0      __argc
01cd:03f2      __argv
01cd:03f4      ___argc
01cd:03f6      ___argv
Module: C:\WATCOM/lib286/dos\clibs.lib(tolower.c)
0000:097c      tolower_
Module: C:\WATCOM/lib286/dos\clibs.lib(istable.c)
01cd:0080      __IsTable
Module: C:\WATCOM/lib286/dos\clibs.lib(seterrno.c)
0000:098a      __set_errno_
0000:0998*     __set_EDOM_
0000:09a4*     __set_ERANGE_
0000:09b0*     __set_EINVAL_
0000:09bf      __set_doserrno_
Module: C:\WATCOM/lib286/dos\clibs.lib(i4m)
0000:09c8*     __I4M
0000:09c8      __U4M
Module: C:\WATCOM/lib286/dos\clibs.lib(intr.c)
0000:09e0      intr_
Module: C:\WATCOM/lib286/dos\clibs.lib(segread.c)
0000:09f2      segread_
Module: C:\WATCOM/lib286/dos\clibs.lib(fputs.c)
0000:0a0a      fputs_
Module: C:\WATCOM/lib286/dos\clibs.lib(fputc.c)
0000:0a81      fputc_
Module: C:\WATCOM/lib286/dos\clibs.lib(initfile.c)
0000:0b27      __InitFiles_
Module: C:\WATCOM/lib286/dos\clibs.lib(ioexit.c)
0000:0be9*     fcloseall_
0000:0bee      __full_io_exit_
Module: C:\WATCOM/lib286/dos\clibs.lib(flushall.c)
0000:0bf6      __flushall_
0000:0c27*     flushall_
Module: C:\WATCOM/lib286/dos\clibs.lib(gtche.c)
0000:0c2c      getche_
Module: C:\WATCOM/lib286/dos\clibs.lib(ioalloc.c)
0000:0c41      __ioalloc_
Module: C:\WATCOM/lib286/dos\clibs.lib(qread.c)
0000:0cad      __qread_
Module: C:\WATCOM/lib286/dos\clibs.lib(xmsg.c)
0000:0cc3*     __exit_with_msg_
0000:0cc6      __fatal_runtime_error_
Module: C:\WATCOM/lib286/dos\clibs.lib(cmain086.c)
0000:0ce0      __CMain
Module: C:\WATCOM/lib286/dos\clibs.lib(initrtns.c)
0000:0d31*     __FInitRtns
0000:0d35      __InitRtns
0000:0d90*     __FFiniRtns
0000:0d94      __FiniRtns
Module: C:\WATCOM/lib286/dos\clibs.lib(crwdata)
01cd:0358      __curbrk
01cd:0360      __STACKLOW
01cd:0362      __STACKTOP
01cd:0364      __cbyte
01cd:0366      __child
01cd:0368      __no87
01cd:0376      ___FPE_handler
01cd:035a      __psp
01cd:036a      __get_ovl_stack
01cd:036e      __restore_ovl_stack
01cd:0372      __close_ovl_file
01cd:037a      __LpCmdLine
01cd:037e      __LpPgmName
01cd:035c      __osmajor
01cd:035d      __osminor
01cd:035e      __osmode
01cd:035f      __HShift
Module: C:\WATCOM/lib286/dos\clibs.lib(uselfn.c)
01cd:0382      ___uselfn
Module: C:\WATCOM/lib286/dos\clibs.lib(dosseg)
0000:0df8      __DOSseg__
Module: C:\WATCOM/lib286/dos\clibs.lib(initargv.c)
0000:0df9      __Init_Argv_
0000:0e2a+     _getargv_
0000:0f8f      __Fini_Argv_
Module: C:\WATCOM/lib286/dos\clibs.lib(errno.c)
0000:0f9a      __get_errno_ptr_
0000:0f9e      __get_doserrno_ptr_
01cd:03fa+     _errno
01cd:03fc+     __doserrno
Module: C:\WATCOM/lib286/dos\clibs.lib(dointr)
0000:0fa2      _DoINTR_
Module: C:\WATCOM/lib286/dos\clibs.lib(flush.c)
0000:131b      __flush_
Module: C:\WATCOM/lib286/dos\clibs.lib(nmalloc.c)
0000:1404      _nmalloc_
0000:1404      malloc_
01cd:0384      ___nheapbeg
01cd:0386      ___MiniHeapRover
01cd:0388      ___LargestSizeB4MiniHeapRover
Module: C:\WATCOM/lib286/dos\clibs.lib(fclose.c)
0000:14bd+     __doclose_
0000:153e      __shutdown_stream_
0000:154f*     fclose_
01cd:03fe+     ___RmTmpFileFn
Module: C:\WATCOM/lib286/dos\clibs.lib(freefp.c)
0000:1571      __freefp_
0000:159e      __purgefp_
Module: C:\WATCOM/lib286/dos\clibs.lib(chktty.c)
0000:15c2      __chktty_
Module: C:\WATCOM/lib286/dos\clibs.lib(dosret.c)
0000:15e7*     _dosretax_
0000:15ec*     _dosret0_
0000:15f3      __set_errno_dos_
0000:1643*     __set_errno_dos_reterr_
Module: C:\WATCOM/lib286/dos\clibs.lib(enterdb.c)
0000:164d      __EnterWVIDEO_
01cd:039e+     ___WD_Present
Module: C:\WATCOM/lib286/dos\clibs.lib(___argc.c)
01cd:0400      ____Argc
01cd:0402      ____Argv
Module: C:\WATCOM/lib286/dos\clibs.lib(amblksiz.c)
01cd:03a0      __amblksiz
Module: C:\WATCOM/lib286/dos\clibs.lib(exit.c)
0000:1669+     __null_int23_exit_
0000:166a      exit_
0000:1688*     _exit_
01cd:03a2+     ___int23_exit
01cd:03a4+     ___FPE_handler_exit
Module: C:\WATCOM/lib286/dos\clibs.lib(sgdef086)
01cd:03d4      __Start_XI
01cd:03e0      __End_XI
01cd:03e0      __Start_YI
01cd:03ec      __End_YI
Module: C:\WATCOM/lib286/dos\clibs.lib(histsplt.c)
01cd:0404      ___historical_splitparms
Module: C:\WATCOM/lib286/dos\clibs.lib(nfree.c)
0000:1698      _nfree_
0000:1698      free_
01cd:0406+     ___MiniHeapFreeRover
Module: C:\WATCOM/lib286/dos\clibs.lib(__lseek.c)
0000:1759      __lseek_
Module: C:\WATCOM/lib286/dos\clibs.lib(qwrit.c)
0000:1791      __qwrite_
Module: C:\WATCOM/lib286/dos\clibs.lib(fsync.c)
0000:17e7      fsync_
Module: C:\WATCOM/lib286/dos\clibs.lib(nmemneed.c)
0000:17ea      __nmemneed_
Module: C:\WATCOM/lib286/dos\clibs.lib(mem.c)
0000:17f0      __MemAllocator
0000:18ba      __MemFree
Module: C:\WATCOM/lib286/dos\clibs.lib(grownear.c)
0000:1a83+     __LastFree_
0000:1aea      __ExpandDGROUP_
Module: C:\WATCOM/lib286/dos\clibs.lib(_clse.c)
0000:1bc4      __close_
Module: C:\WATCOM/lib286/dos\clibs.lib(isatt.c)
0000:1bf3      isatty_
Module: C:\WATCOM/lib286/dos\clibs.lib(iomode.c)
0000:1c0f      __GetIOMode_
0000:1c26      __SetIOMode_nogrow_
01cd:03a6+     ___NFiles
01cd:03a8+     ___init_mode
01cd:03d0+     ___io_mode
Module: C:\WATCOM/lib286/dos\clibs.lib(filedos.c)
0000:1c3b*     _dos_close_
0000:1c47      _dos_commit_
Module: C:\WATCOM/lib286/dos\clibs.lib(heapen.c)
0000:1c55*     _heapenable_
01cd:03d2      ___heap_enabled
Module: C:\WATCOM/lib286/dos\clibs.lib(sbrk.c)
0000:1c61*     sbrk_
0000:1c65      __brk_
Module: C:\WATCOM/lib286/dos\clibs.lib(doserror)
0000:1cba      __doserror_


                        +--------------------+
                        |   Libraries Used   |
                        +--------------------+

C:\WATCOM/lib286/dos\clibs.lib


                        +-----------------------+
                        |   Linker Statistics   |
                        +-----------------------+

Stack size:  0800 (2048.)
Memory size:  28e0 (10464.)
Entry point address: 0000:0710
Link time: 00:00.59
